[     212ms] [ERROR] Failed to load resource: the server responded with a status of 500 (Internal Server Error) @ http://localhost:3000/:0
[     408ms] [INFO] %cDownload the React DevTools for a better development experience: https://react.dev/link/react-devtools font-weight:bold @ http://localhost:3000/_next/static/chunks/node_modules_react-dom_0bruynb._.js:15305
[     553ms] Error: ./messages/en.json:98:3
Unable to make a module from invalid JSON
   96 |     "showLess": "Show fewer",
   97 |     "allFeatures": "All Features",
>  98 |   },
      |   ^
   99 |   "Footer": {
  100 |     "brandDescription": "Automated Telegram gatekeeper & monetization platform. Focus on building your community, let ...
  101 |     "rightsReserved": "All rights reserved.",

trailing comma at line 98 column 3


    at <unknown> (Error: ./messages/en.json:98:3)
    at Object.getCompilationErrors (file://D:\Development\Application\Project-untuk-tambah-uang-nikah\tg-manager\next-shadcn-dashboard-starter\node_modules\next\dist\server\dev\hot-reloader-turbopack.js:1186:59)
    at DevBundlerService.getCompilationError (file://D:\Development\Application\Project-untuk-tambah-uang-nikah\tg-manager\next-shadcn-dashboard-starter\node_modules\next\dist\server\lib\dev-bundler-service.js:44:55)
    at DevServer.getCompilationError (file://D:\Development\Application\Project-untuk-tambah-uang-nikah\tg-manager\next-shadcn-dashboard-starter\node_modules\next\dist\server\dev\next-dev-server.js:720:42)
    at DevServer.findPageComponents (file://D:\Development\Application\Project-untuk-tambah-uang-nikah\tg-manager\next-shadcn-dashboard-starter\node_modules\next\dist\server\dev\next-dev-server.js:690:43)
    at async DevServer.renderErrorToResponseImpl (file://D:\Development\Application\Project-untuk-tambah-uang-nikah\tg-manager\next-shadcn-dashboard-starter\node_modules\next\dist\server\base-server.js:1753:26)
[     536ms] [LOG] [HMR] connected @ http://localhost:3000/_next/static/chunks/node_modules_next_dist_0u_w_5s._.js:1226
[     545ms] [ERROR] ./messages/en.json:98:3
Unable to make a module from invalid JSON
   96 |     "showLess": "Show fewer",
   97 |     "allFeatures": "All Features",
>  98 |   },
      |   ^
   99 |   "Footer": {
  100 |     "brandDescription": "Automated Telegram gatekeeper & monetization platform. Focus on building your community, let ...
  101 |     "rightsReserved": "All rights reserved.",

trailing comma at line 98 column 3 @ http://localhost:3000/_next/static/chunks/node_modules_next_dist_0u_w_5s._.js:1945
[     545ms] [ERROR] ./messages/id.json:98:3
Unable to make a module from invalid JSON
   96 |     "showLess": "Tampilkan lebih sedikit",
   97 |     "allFeatures": "Semua Fitur",
>  98 |   },
      |   ^
   99 |   "Footer": {
  100 |     "brandDescription": "Platform penjaga & monetisasi Telegram otomatis. Fokus pada membangun komunitas, biar kami ya...
  101 |     "rightsReserved": "Hak cipta dilindungi.",

trailing comma at line 98 column 3 @ http://localhost:3000/_next/static/chunks/node_modules_next_dist_0u_w_5s._.js:1945
[     545ms] [ERROR] ./messages/en.json:98:3
Unable to make a module from invalid JSON
   96 |     "showLess": "Show fewer",
   97 |     "allFeatures": "All Features",
>  98 |   },
      |   ^
   99 |   "Footer": {
  100 |     "brandDescription": "Automated Telegram gatekeeper & monetization platform. Focus on building your community, let ...
  101 |     "rightsReserved": "All rights reserved.",

trailing comma at line 98 column 3 @ http://localhost:3000/_next/static/chunks/node_modules_next_dist_0u_w_5s._.js:1945
[     545ms] [ERROR] ./messages/id.json:98:3
Unable to make a module from invalid JSON
   96 |     "showLess": "Tampilkan lebih sedikit",
   97 |     "allFeatures": "Semua Fitur",
>  98 |   },
      |   ^
   99 |   "Footer": {
  100 |     "brandDescription": "Platform penjaga & monetisasi Telegram otomatis. Fokus pada membangun komunitas, biar kami ya...
  101 |     "rightsReserved": "Hak cipta dilindungi.",

trailing comma at line 98 column 3 @ http://localhost:3000/_next/static/chunks/node_modules_next_dist_0u_w_5s._.js:1945
[     546ms] [ERROR] ./messages/en.json:98:3
Unable to make a module from invalid JSON
   96 |     "showLess": "Show fewer",
   97 |     "allFeatures": "All Features",
>  98 |   },
      |   ^
   99 |   "Footer": {
  100 |     "brandDescription": "Automated Telegram gatekeeper & monetization platform. Focus on building your community, let ...
  101 |     "rightsReserved": "All rights reserved.",

trailing comma at line 98 column 3 @ http://localhost:3000/_next/static/chunks/node_modules_next_dist_0u_w_5s._.js:1945
[     546ms] [ERROR] ./messages/id.json:98:3
Unable to make a module from invalid JSON
   96 |     "showLess": "Tampilkan lebih sedikit",
   97 |     "allFeatures": "Semua Fitur",
>  98 |   },
      |   ^
   99 |   "Footer": {
  100 |     "brandDescription": "Platform penjaga & monetisasi Telegram otomatis. Fokus pada membangun komunitas, biar kami ya...
  101 |     "rightsReserved": "Hak cipta dilindungi.",

trailing comma at line 98 column 3 @ http://localhost:3000/_next/static/chunks/node_modules_next_dist_0u_w_5s._.js:1945
[     546ms] [ERROR] ./messages/en.json:98:3
Unable to make a module from invalid JSON
   96 |     "showLess": "Show fewer",
   97 |     "allFeatures": "All Features",
>  98 |   },
      |   ^
   99 |   "Footer": {
  100 |     "brandDescription": "Automated Telegram gatekeeper & monetization platform. Focus on building your community, let ...
  101 |     "rightsReserved": "All rights reserved.",

trailing comma at line 98 column 3 @ http://localhost:3000/_next/static/chunks/node_modules_next_dist_0u_w_5s._.js:1945
[     546ms] [ERROR] ./messages/id.json:98:3
Unable to make a module from invalid JSON
   96 |     "showLess": "Tampilkan lebih sedikit",
   97 |     "allFeatures": "Semua Fitur",
>  98 |   },
      |   ^
   99 |   "Footer": {
  100 |     "brandDescription": "Platform penjaga & monetisasi Telegram otomatis. Fokus pada membangun komunitas, biar kami ya...
  101 |     "rightsReserved": "Hak cipta dilindungi.",

trailing comma at line 98 column 3 @ http://localhost:3000/_next/static/chunks/node_modules_next_dist_0u_w_5s._.js:1945
[     546ms] [ERROR] ./messages/en.json:98:3
Unable to make a module from invalid JSON
   96 |     "showLess": "Show fewer",
   97 |     "allFeatures": "All Features",
>  98 |   },
      |   ^
   99 |   "Footer": {
  100 |     "brandDescription": "Automated Telegram gatekeeper & monetization platform. Focus on building your community, let ...
  101 |     "rightsReserved": "All rights reserved.",

trailing comma at line 98 column 3 @ http://localhost:3000/_next/static/chunks/node_modules_next_dist_0u_w_5s._.js:1945
[     546ms] [ERROR] ./messages/id.json:98:3
Unable to make a module from invalid JSON
   96 |     "showLess": "Tampilkan lebih sedikit",
   97 |     "allFeatures": "Semua Fitur",
>  98 |   },
      |   ^
   99 |   "Footer": {
  100 |     "brandDescription": "Platform penjaga & monetisasi Telegram otomatis. Fokus pada membangun komunitas, biar kami ya...
  101 |     "rightsReserved": "Hak cipta dilindungi.",

trailing comma at line 98 column 3 @ http://localhost:3000/_next/static/chunks/node_modules_next_dist_0u_w_5s._.js:1945
[     547ms] [ERROR] ./messages/en.json:98:3
Unable to make a module from invalid JSON
   96 |     "showLess": "Show fewer",
   97 |     "allFeatures": "All Features",
>  98 |   },
      |   ^
   99 |   "Footer": {
  100 |     "brandDescription": "Automated Telegram gatekeeper & monetization platform. Focus on building your community, let ...
  101 |     "rightsReserved": "All rights reserved.",

trailing comma at line 98 column 3 @ http://localhost:3000/_next/static/chunks/node_modules_next_dist_0u_w_5s._.js:1945
[     547ms] [ERROR] ./messages/id.json:98:3
Unable to make a module from invalid JSON
   96 |     "showLess": "Tampilkan lebih sedikit",
   97 |     "allFeatures": "Semua Fitur",
>  98 |   },
      |   ^
   99 |   "Footer": {
  100 |     "brandDescription": "Platform penjaga & monetisasi Telegram otomatis. Fokus pada membangun komunitas, biar kami ya...
  101 |     "rightsReserved": "Hak cipta dilindungi.",

trailing comma at line 98 column 3 @ http://localhost:3000/_next/static/chunks/node_modules_next_dist_0u_w_5s._.js:1945
[     625ms] [ERROR] ./messages/en.json:98:3
Unable to make a module from invalid JSON
   96 |     "showLess": "Show fewer",
   97 |     "allFeatures": "All Features",
>  98 |   },
      |   ^
   99 |   "Footer": {
  100 |     "brandDescription": "Automated Telegram gatekeeper & monetization platform. Focus on building your community, let ...
  101 |     "rightsReserved": "All rights reserved.",

trailing comma at line 98 column 3 @ http://localhost:3000/_next/static/chunks/node_modules_next_dist_0u_w_5s._.js:1945
[     625ms] [ERROR] ./messages/id.json:98:3
Unable to make a module from invalid JSON
   96 |     "showLess": "Tampilkan lebih sedikit",
   97 |     "allFeatures": "Semua Fitur",
>  98 |   },
      |   ^
   99 |   "Footer": {
  100 |     "brandDescription": "Platform penjaga & monetisasi Telegram otomatis. Fokus pada membangun komunitas, biar kami ya...
  101 |     "rightsReserved": "Hak cipta dilindungi.",

trailing comma at line 98 column 3 @ http://localhost:3000/_next/static/chunks/node_modules_next_dist_0u_w_5s._.js:1945
[    3007ms] [LOG] [Fast Refresh] rebuilding @ http://localhost:3000/_next/static/chunks/node_modules_next_dist_0u_w_5s._.js:1226
[    3020ms] [ERROR] ./messages/en.json:98:3
Unable to make a module from invalid JSON
   96 |     "showLess": "Show fewer",
   97 |     "allFeatures": "All Features",
>  98 |   },
      |   ^
   99 |   "Footer": {
  100 |     "brandDescription": "Automated Telegram gatekeeper & monetization platform. Focus on building your community, let ...
  101 |     "rightsReserved": "All rights reserved.",

trailing comma at line 98 column 3 @ http://localhost:3000/_next/static/chunks/node_modules_next_dist_0u_w_5s._.js:1945
[    3020ms] [ERROR] ./messages/id.json:98:3
Unable to make a module from invalid JSON
   96 |     "showLess": "Tampilkan lebih sedikit",
   97 |     "allFeatures": "Semua Fitur",
>  98 |   },
      |   ^
   99 |   "Footer": {
  100 |     "brandDescription": "Platform penjaga & monetisasi Telegram otomatis. Fokus pada membangun komunitas, biar kami ya...
  101 |     "rightsReserved": "Hak cipta dilindungi.",

trailing comma at line 98 column 3 @ http://localhost:3000/_next/static/chunks/node_modules_next_dist_0u_w_5s._.js:1945
[   20024ms] [LOG] [Fast Refresh] rebuilding @ http://localhost:3000/_next/static/chunks/node_modules_next_dist_0u_w_5s._.js:1226
