[     623ms] [INFO] %cDownload the React DevTools for a better development experience: https://react.dev/link/react-devtools font-weight:bold @ http://localhost:3000/_next/static/chunks/node_modules_next_dist_115brz8._.js:2477
[     716ms] [LOG] [HMR] connected @ http://localhost:3000/_next/static/chunks/node_modules_next_dist_115brz8._.js:2477
[    1108ms] [ERROR] Failed to load resource: the server responded with a status of 401 (Unauthorized) @ http://localhost:3000/api/auth/session:0
[ 4008891ms] [LOG] [HMR] connected @ http://localhost:3000/_next/static/chunks/node_modules_next_dist_115brz8._.js:2477
[ 4008997ms] [LOG] [Fast Refresh] rebuilding @ http://localhost:3000/_next/static/chunks/node_modules_next_dist_115brz8._.js:2477
[ 4009072ms] [LOG] [Fast Refresh] done in 179ms @ http://localhost:3000/_next/static/chunks/node_modules_next_dist_115brz8._.js:2477
[ 4041430ms] [LOG] [Fast Refresh] rebuilding @ http://localhost:3000/_next/static/chunks/node_modules_next_dist_115brz8._.js:2477
[ 4041566ms] [WARNING] [Fast Refresh] performing full reload

Fast Refresh will perform a full reload when you edit a file that's imported by modules outside of the React rendering tree.
You might have a file which exports a React component but also exports a value that is imported by a non-React component file.
Consider migrating the non-React component export to a separate file and importing it into both files.

It is also possible the parent component of the component you edited is a class component, which disables Fast Refresh.
Fast Refresh requires at least one parent function component in your React tree. @ http://localhost:3000/_next/static/chunks/node_modules_next_dist_115brz8._.js:2477
[ 4041569ms] [LOG] [Fast Refresh] done in 237ms @ http://localhost:3000/_next/static/chunks/node_modules_next_dist_115brz8._.js:2477
[ 4041850ms] [LOG] [Fast Refresh] rebuilding @ http://localhost:3000/_next/static/chunks/node_modules_next_dist_115brz8._.js:2477
[ 4042086ms] [LOG] [Fast Refresh] done in 341ms @ http://localhost:3000/_next/static/chunks/node_modules_next_dist_115brz8._.js:2477
[ 4042169ms] [LOG] [Fast Refresh] rebuilding @ http://localhost:3000/_next/static/chunks/node_modules_next_dist_115brz8._.js:2477
[ 4042229ms] [WARNING] [Fast Refresh] performing full reload

Fast Refresh will perform a full reload when you edit a file that's imported by modules outside of the React rendering tree.
You might have a file which exports a React component but also exports a value that is imported by a non-React component file.
Consider migrating the non-React component export to a separate file and importing it into both files.

It is also possible the parent component of the component you edited is a class component, which disables Fast Refresh.
Fast Refresh requires at least one parent function component in your React tree. @ http://localhost:3000/_next/static/chunks/node_modules_next_dist_115brz8._.js:2477
[ 4042543ms] [LOG] [Fast Refresh] done in 141ms @ http://localhost:3000/_next/static/chunks/node_modules_next_dist_115brz8._.js:2477
[ 4042897ms] [LOG] [Fast Refresh] rebuilding @ http://localhost:3000/_next/static/chunks/node_modules_next_dist_115brz8._.js:2477
[ 4043074ms] [LOG] [Fast Refresh] done in 278ms @ http://localhost:3000/_next/static/chunks/node_modules_next_dist_115brz8._.js:2477
[ 4043470ms] [WARNING] [Fast Refresh] performing full reload

Fast Refresh will perform a full reload when you edit a file that's imported by modules outside of the React rendering tree.
You might have a file which exports a React component but also exports a value that is imported by a non-React component file.
Consider migrating the non-React component export to a separate file and importing it into both files.

It is also possible the parent component of the component you edited is a class component, which disables Fast Refresh.
Fast Refresh requires at least one parent function component in your React tree. @ http://localhost:3000/_next/static/chunks/node_modules_next_dist_115brz8._.js:2477
[ 4044592ms] [LOG] [Fast Refresh] rebuilding @ http://localhost:3000/_next/static/chunks/node_modules_next_dist_115brz8._.js:2477
[ 4044786ms] [LOG] [Fast Refresh] done in 296ms @ http://localhost:3000/_next/static/chunks/node_modules_next_dist_115brz8._.js:2477
[ 4045796ms] [ERROR] Failed to load resource: the server responded with a status of 500 (Internal Server Error) @ http://localhost:3000/:0
[ 4045854ms] [INFO] %cDownload the React DevTools for a better development experience: https://react.dev/link/react-devtools font-weight:bold @ http://localhost:3000/_next/static/chunks/node_modules_next_dist_115brz8._.js:2477
[ 4045879ms] [LOG] [HMR] connected @ http://localhost:3000/_next/static/chunks/node_modules_next_dist_115brz8._.js:2477
[ 4045939ms] [ERROR] Encountered a script tag while rendering React component. Scripts inside React components are never executed when rendering on the client. Consider using template tag instead (https://developer.mozilla.org/en-US/docs/Web/HTML/Element/template). @ http://localhost:3000/_next/static/chunks/node_modules_next_dist_115brz8._.js:3318
[ 4046058ms] ReferenceError: forwardRef is not defined
    at module evaluation (http://localhost:3000/_next/static/chunks/src_09an5.v._.js:3429:25)
    at http://localhost:3000/_next/static/chunks/turbopack-_0p44nws._.js:1307:27
    at runModuleExecutionHooks (http://localhost:3000/_next/static/chunks/turbopack-_0p44nws._.js:1636:13)
    at instantiateModuleShared (http://localhost:3000/_next/static/chunks/turbopack-_0p44nws._.js:1305:9)
    at instantiateModule (http://localhost:3000/_next/static/chunks/turbopack-_0p44nws._.js:1621:12)
    at getOrInstantiateModuleFromParent (http://localhost:3000/_next/static/chunks/turbopack-_0p44nws._.js:1604:12)
    at DevContext.commonJsRequire [as r] (http://localhost:3000/_next/static/chunks/turbopack-_0p44nws._.js:299:12)
    at requireModule (http://localhost:3000/_next/static/chunks/node_modules_next_dist_compiled_react-server-dom-turbopack_0p3wegg._.js:95:84)
    at initializeModuleChunk (http://localhost:3000/_next/static/chunks/node_modules_next_dist_compiled_react-server-dom-turbopack_0p3wegg._.js:1110:25)
    at readChunk (http://localhost:3000/_next/static/chunks/node_modules_next_dist_compiled_react-server-dom-turbopack_0p3wegg._.js:846:17)
    at Object.react_stack_bottom_frame (http://localhost:3000/_next/static/chunks/node_modules_next_dist_compiled_react-dom_058-ah~._.js:15101:20)
    at resolveLazy (http://localhost:3000/_next/static/chunks/node_modules_next_dist_compiled_react-dom_058-ah~._.js:3866:20)
    at beginWork (http://localhost:3000/_next/static/chunks/node_modules_next_dist_compiled_react-dom_058-ah~._.js:6665:77)
    at runWithFiberInDEV (http://localhost:3000/_next/static/chunks/node_modules_next_dist_compiled_react-dom_058-ah~._.js:965:74)
    at performUnitOfWork (http://localhost:3000/_next/static/chunks/node_modules_next_dist_compiled_react-dom_058-ah~._.js:9555:97)
    at workLoopConcurrentByScheduler (http://localhost:3000/_next/static/chunks/node_modules_next_dist_compiled_react-dom_058-ah~._.js:9551:58)
    at renderRootConcurrent (http://localhost:3000/_next/static/chunks/node_modules_next_dist_compiled_react-dom_058-ah~._.js:9534:71)
    at performWorkOnRoot (http://localhost:3000/_next/static/chunks/node_modules_next_dist_compiled_react-dom_058-ah~._.js:9061:150)
    at performWorkOnRootViaSchedulerTask (http://localhost:3000/_next/static/chunks/node_modules_next_dist_compiled_react-dom_058-ah~._.js:10255:9)
    at MessagePort.performWorkUntilDeadline (http://localhost:3000/_next/static/chunks/node_modules_next_dist_compiled_0rpq4pf._.js:2647:64)
[ 4046062ms] [ERROR] ReferenceError: forwardRef is not defined
    at module evaluation (http://localhost:3000/_next/static/chunks/src_09an5.v._.js:3429:25)
    at http://localhost:3000/_next/static/chunks/turbopack-_0p44nws._.js:1307:27
    at runModuleExecutionHooks (http://localhost:3000/_next/static/chunks/turbopack-_0p44nws._.js:1636:13)
    at instantiateModuleShared (http://localhost:3000/_next/static/chunks/turbopack-_0p44nws._.js:1305:9)
    at instantiateModule (http://localhost:3000/_next/static/chunks/turbopack-_0p44nws._.js:1621:12)
    at getOrInstantiateModuleFromParent (http://localhost:3000/_next/static/chunks/turbopack-_0p44nws._.js:1604:12)
    at DevContext.commonJsRequire [as r] (http://localhost:3000/_next/static/chunks/turbopack-_0p44nws._.js:299:12)
    at requireModule (http://localhost:3000/_next/static/chunks/node_modules_next_dist_compiled_react-server-dom-turbopack_0p3wegg._.js:95:84)
    at initializeModuleChunk (http://localhost:3000/_next/static/chunks/node_modules_next_dist_compiled_react-server-dom-turbopack_0p3wegg._.js:1110:25)
    at readChunk (http://localhost:3000/_next/static/chunks/node_modules_next_dist_compiled_react-server-dom-turbopack_0p3wegg._.js:846:17)
    at Object.react_stack_bottom_frame (http://localhost:3000/_next/static/chunks/node_modules_next_dist_compiled_react-dom_058-ah~._.js:15101:20)
    at resolveLazy (http://localhost:3000/_next/static/chunks/node_modules_next_dist_compiled_react-dom_058-ah~._.js:3866:20)
    at beginWork (http://localhost:3000/_next/static/chunks/node_modules_next_dist_compiled_react-dom_058-ah~._.js:6665:77)
    at runWithFiberInDEV (http://localhost:3000/_next/static/chunks/node_modules_next_dist_compiled_react-dom_058-ah~._.js:965:74)
    at performUnitOfWork (http://localhost:3000/_next/static/chunks/node_modules_next_dist_compiled_react-dom_058-ah~._.js:9555:97)
    at workLoopConcurrentByScheduler (http://localhost:3000/_next/static/chunks/node_modules_next_dist_compiled_react-dom_058-ah~._.js:9551:58)
    at renderRootConcurrent (http://localhost:3000/_next/static/chunks/node_modules_next_dist_compiled_react-dom_058-ah~._.js:9534:71)
    at performWorkOnRoot (http://localhost:3000/_next/static/chunks/node_modules_next_dist_compiled_react-dom_058-ah~._.js:9061:150)
    at performWorkOnRootViaSchedulerTask (http://localhost:3000/_next/static/chunks/node_modules_next_dist_compiled_react-dom_058-ah~._.js:10255:9)
    at MessagePort.performWorkUntilDeadline (http://localhost:3000/_next/static/chunks/node_modules_next_dist_compiled_0rpq4pf._.js:2647:64) @ http://localhost:3000/_next/static/chunks/node_modules_next_dist_115brz8._.js:3318
[ 4049123ms] [WARNING] The resource http://localhost:3000/_next/static/chunks/src_styles_globals_0c8m6fs.css was preloaded using link preload but not used within a few seconds from the window's load event. Please make sure it has an appropriate `as` value and it is preloaded intentionally. @ http://localhost:3000/:0
[ 4049999ms] [LOG] [Fast Refresh] rebuilding @ http://localhost:3000/_next/static/chunks/node_modules_next_dist_115brz8._.js:2477
[ 4050193ms] [WARNING] [Fast Refresh] performing full reload

Fast Refresh will perform a full reload when you edit a file that's imported by modules outside of the React rendering tree.
You might have a file which exports a React component but also exports a value that is imported by a non-React component file.
Consider migrating the non-React component export to a separate file and importing it into both files.

It is also possible the parent component of the component you edited is a class component, which disables Fast Refresh.
Fast Refresh requires at least one parent function component in your React tree. @ http://localhost:3000/_next/static/chunks/node_modules_next_dist_115brz8._.js:2477
[ 4050194ms] [WARNING] [Fast Refresh] performing full reload because your application had an unrecoverable error @ http://localhost:3000/_next/static/chunks/node_modules_next_dist_115brz8._.js:2477
[ 4050195ms] [LOG] [Fast Refresh] done in 300ms @ http://localhost:3000/_next/static/chunks/node_modules_next_dist_115brz8._.js:2477
[ 4050451ms] [LOG] [Fast Refresh] rebuilding @ http://localhost:3000/_next/static/chunks/node_modules_next_dist_115brz8._.js:2477
[ 4050872ms] [LOG] [Fast Refresh] done in 521ms @ http://localhost:3000/_next/static/chunks/node_modules_next_dist_115brz8._.js:2477
[ 4051754ms] [ERROR] Failed to load resource: the server responded with a status of 500 (Internal Server Error) @ http://localhost:3000/:0
[ 4051808ms] [INFO] %cDownload the React DevTools for a better development experience: https://react.dev/link/react-devtools font-weight:bold @ http://localhost:3000/_next/static/chunks/node_modules_next_dist_115brz8._.js:2477
[ 4051830ms] [LOG] [HMR] connected @ http://localhost:3000/_next/static/chunks/node_modules_next_dist_115brz8._.js:2477
[ 4051879ms] [ERROR] Encountered a script tag while rendering React component. Scripts inside React components are never executed when rendering on the client. Consider using template tag instead (https://developer.mozilla.org/en-US/docs/Web/HTML/Element/template). @ http://localhost:3000/_next/static/chunks/node_modules_next_dist_115brz8._.js:3318
[ 4051963ms] ReferenceError: forwardRef is not defined
    at module evaluation (http://localhost:3000/_next/static/chunks/src_09an5.v._.js:3465:25)
    at http://localhost:3000/_next/static/chunks/turbopack-_0p44nws._.js:1307:27
    at runModuleExecutionHooks (http://localhost:3000/_next/static/chunks/turbopack-_0p44nws._.js:1636:13)
    at instantiateModuleShared (http://localhost:3000/_next/static/chunks/turbopack-_0p44nws._.js:1305:9)
    at instantiateModule (http://localhost:3000/_next/static/chunks/turbopack-_0p44nws._.js:1621:12)
    at getOrInstantiateModuleFromParent (http://localhost:3000/_next/static/chunks/turbopack-_0p44nws._.js:1604:12)
    at DevContext.commonJsRequire [as r] (http://localhost:3000/_next/static/chunks/turbopack-_0p44nws._.js:299:12)
    at requireModule (http://localhost:3000/_next/static/chunks/node_modules_next_dist_compiled_react-server-dom-turbopack_0p3wegg._.js:95:84)
    at initializeModuleChunk (http://localhost:3000/_next/static/chunks/node_modules_next_dist_compiled_react-server-dom-turbopack_0p3wegg._.js:1110:25)
    at readChunk (http://localhost:3000/_next/static/chunks/node_modules_next_dist_compiled_react-server-dom-turbopack_0p3wegg._.js:846:17)
    at Object.react_stack_bottom_frame (http://localhost:3000/_next/static/chunks/node_modules_next_dist_compiled_react-dom_058-ah~._.js:15101:20)
    at resolveLazy (http://localhost:3000/_next/static/chunks/node_modules_next_dist_compiled_react-dom_058-ah~._.js:3866:20)
    at beginWork (http://localhost:3000/_next/static/chunks/node_modules_next_dist_compiled_react-dom_058-ah~._.js:6665:77)
    at runWithFiberInDEV (http://localhost:3000/_next/static/chunks/node_modules_next_dist_compiled_react-dom_058-ah~._.js:965:74)
    at performUnitOfWork (http://localhost:3000/_next/static/chunks/node_modules_next_dist_compiled_react-dom_058-ah~._.js:9555:97)
    at workLoopConcurrentByScheduler (http://localhost:3000/_next/static/chunks/node_modules_next_dist_compiled_react-dom_058-ah~._.js:9551:58)
    at renderRootConcurrent (http://localhost:3000/_next/static/chunks/node_modules_next_dist_compiled_react-dom_058-ah~._.js:9534:71)
    at performWorkOnRoot (http://localhost:3000/_next/static/chunks/node_modules_next_dist_compiled_react-dom_058-ah~._.js:9061:150)
    at performWorkOnRootViaSchedulerTask (http://localhost:3000/_next/static/chunks/node_modules_next_dist_compiled_react-dom_058-ah~._.js:10255:9)
    at MessagePort.performWorkUntilDeadline (http://localhost:3000/_next/static/chunks/node_modules_next_dist_compiled_0rpq4pf._.js:2647:64)
[ 4051968ms] [ERROR] ReferenceError: forwardRef is not defined
    at module evaluation (http://localhost:3000/_next/static/chunks/src_09an5.v._.js:3465:25)
    at http://localhost:3000/_next/static/chunks/turbopack-_0p44nws._.js:1307:27
    at runModuleExecutionHooks (http://localhost:3000/_next/static/chunks/turbopack-_0p44nws._.js:1636:13)
    at instantiateModuleShared (http://localhost:3000/_next/static/chunks/turbopack-_0p44nws._.js:1305:9)
    at instantiateModule (http://localhost:3000/_next/static/chunks/turbopack-_0p44nws._.js:1621:12)
    at getOrInstantiateModuleFromParent (http://localhost:3000/_next/static/chunks/turbopack-_0p44nws._.js:1604:12)
    at DevContext.commonJsRequire [as r] (http://localhost:3000/_next/static/chunks/turbopack-_0p44nws._.js:299:12)
    at requireModule (http://localhost:3000/_next/static/chunks/node_modules_next_dist_compiled_react-server-dom-turbopack_0p3wegg._.js:95:84)
    at initializeModuleChunk (http://localhost:3000/_next/static/chunks/node_modules_next_dist_compiled_react-server-dom-turbopack_0p3wegg._.js:1110:25)
    at readChunk (http://localhost:3000/_next/static/chunks/node_modules_next_dist_compiled_react-server-dom-turbopack_0p3wegg._.js:846:17)
    at Object.react_stack_bottom_frame (http://localhost:3000/_next/static/chunks/node_modules_next_dist_compiled_react-dom_058-ah~._.js:15101:20)
    at resolveLazy (http://localhost:3000/_next/static/chunks/node_modules_next_dist_compiled_react-dom_058-ah~._.js:3866:20)
    at beginWork (http://localhost:3000/_next/static/chunks/node_modules_next_dist_compiled_react-dom_058-ah~._.js:6665:77)
    at runWithFiberInDEV (http://localhost:3000/_next/static/chunks/node_modules_next_dist_compiled_react-dom_058-ah~._.js:965:74)
    at performUnitOfWork (http://localhost:3000/_next/static/chunks/node_modules_next_dist_compiled_react-dom_058-ah~._.js:9555:97)
    at workLoopConcurrentByScheduler (http://localhost:3000/_next/static/chunks/node_modules_next_dist_compiled_react-dom_058-ah~._.js:9551:58)
    at renderRootConcurrent (http://localhost:3000/_next/static/chunks/node_modules_next_dist_compiled_react-dom_058-ah~._.js:9534:71)
    at performWorkOnRoot (http://localhost:3000/_next/static/chunks/node_modules_next_dist_compiled_react-dom_058-ah~._.js:9061:150)
    at performWorkOnRootViaSchedulerTask (http://localhost:3000/_next/static/chunks/node_modules_next_dist_compiled_react-dom_058-ah~._.js:10255:9)
    at MessagePort.performWorkUntilDeadline (http://localhost:3000/_next/static/chunks/node_modules_next_dist_compiled_0rpq4pf._.js:2647:64) @ http://localhost:3000/_next/static/chunks/node_modules_next_dist_115brz8._.js:3318
[ 4055012ms] [WARNING] The resource http://localhost:3000/_next/static/chunks/src_styles_globals_0c8m6fs.css was preloaded using link preload but not used within a few seconds from the window's load event. Please make sure it has an appropriate `as` value and it is preloaded intentionally. @ http://localhost:3000/:0
[ 4056896ms] [LOG] [Fast Refresh] rebuilding @ http://localhost:3000/_next/static/chunks/node_modules_next_dist_115brz8._.js:2477
[ 4056966ms] [WARNING] [Fast Refresh] performing full reload

Fast Refresh will perform a full reload when you edit a file that's imported by modules outside of the React rendering tree.
You might have a file which exports a React component but also exports a value that is imported by a non-React component file.
Consider migrating the non-React component export to a separate file and importing it into both files.

It is also possible the parent component of the component you edited is a class component, which disables Fast Refresh.
Fast Refresh requires at least one parent function component in your React tree. @ http://localhost:3000/_next/static/chunks/node_modules_next_dist_115brz8._.js:2477
[ 4056967ms] [WARNING] [Fast Refresh] performing full reload because your application had an unrecoverable error @ http://localhost:3000/_next/static/chunks/node_modules_next_dist_115brz8._.js:2477
[ 4056967ms] [LOG] [Fast Refresh] done in 177ms @ http://localhost:3000/_next/static/chunks/node_modules_next_dist_115brz8._.js:2477
[ 4057213ms] [LOG] [Fast Refresh] rebuilding @ http://localhost:3000/_next/static/chunks/node_modules_next_dist_115brz8._.js:2477
[ 4057571ms] [LOG] [Fast Refresh] done in 462ms @ http://localhost:3000/_next/static/chunks/node_modules_next_dist_115brz8._.js:2477
[ 4059407ms] [WARNING] [Fast Refresh] performing full reload

Fast Refresh will perform a full reload when you edit a file that's imported by modules outside of the React rendering tree.
You might have a file which exports a React component but also exports a value that is imported by a non-React component file.
Consider migrating the non-React component export to a separate file and importing it into both files.

It is also possible the parent component of the component you edited is a class component, which disables Fast Refresh.
Fast Refresh requires at least one parent function component in your React tree. @ http://localhost:3000/_next/static/chunks/node_modules_next_dist_115brz8._.js:2477
[ 4059408ms] [WARNING] [Fast Refresh] performing full reload because your application had an unrecoverable error @ http://localhost:3000/_next/static/chunks/node_modules_next_dist_115brz8._.js:2477
[ 4059664ms] [LOG] [Fast Refresh] rebuilding @ http://localhost:3000/_next/static/chunks/node_modules_next_dist_115brz8._.js:2477
[ 4059963ms] [LOG] [Fast Refresh] done in 406ms @ http://localhost:3000/_next/static/chunks/node_modules_next_dist_115brz8._.js:2477
[ 4061258ms] [ERROR] Failed to load resource: the server responded with a status of 500 (Internal Server Error) @ http://localhost:3000/:0
[ 4061361ms] [INFO] %cDownload the React DevTools for a better development experience: https://react.dev/link/react-devtools font-weight:bold @ http://localhost:3000/_next/static/chunks/node_modules_next_dist_115brz8._.js:2477
[ 4061400ms] [LOG] [HMR] connected @ http://localhost:3000/_next/static/chunks/node_modules_next_dist_115brz8._.js:2477
[ 4061591ms] [ERROR] Encountered a script tag while rendering React component. Scripts inside React components are never executed when rendering on the client. Consider using template tag instead (https://developer.mozilla.org/en-US/docs/Web/HTML/Element/template). @ http://localhost:3000/_next/static/chunks/node_modules_next_dist_115brz8._.js:3318
[ 4061754ms] ReferenceError: forwardRef is not defined
    at module evaluation (http://localhost:3000/_next/static/chunks/src_09an5.v._.js:3464:25)
    at http://localhost:3000/_next/static/chunks/turbopack-_0p44nws._.js:1307:27
    at runModuleExecutionHooks (http://localhost:3000/_next/static/chunks/turbopack-_0p44nws._.js:1636:13)
    at instantiateModuleShared (http://localhost:3000/_next/static/chunks/turbopack-_0p44nws._.js:1305:9)
    at instantiateModule (http://localhost:3000/_next/static/chunks/turbopack-_0p44nws._.js:1621:12)
    at getOrInstantiateModuleFromParent (http://localhost:3000/_next/static/chunks/turbopack-_0p44nws._.js:1604:12)
    at DevContext.commonJsRequire [as r] (http://localhost:3000/_next/static/chunks/turbopack-_0p44nws._.js:299:12)
    at requireModule (http://localhost:3000/_next/static/chunks/node_modules_next_dist_compiled_react-server-dom-turbopack_0p3wegg._.js:95:84)
    at initializeModuleChunk (http://localhost:3000/_next/static/chunks/node_modules_next_dist_compiled_react-server-dom-turbopack_0p3wegg._.js:1110:25)
    at readChunk (http://localhost:3000/_next/static/chunks/node_modules_next_dist_compiled_react-server-dom-turbopack_0p3wegg._.js:846:17)
    at Object.react_stack_bottom_frame (http://localhost:3000/_next/static/chunks/node_modules_next_dist_compiled_react-dom_058-ah~._.js:15101:20)
    at resolveLazy (http://localhost:3000/_next/static/chunks/node_modules_next_dist_compiled_react-dom_058-ah~._.js:3866:20)
    at beginWork (http://localhost:3000/_next/static/chunks/node_modules_next_dist_compiled_react-dom_058-ah~._.js:6665:77)
    at runWithFiberInDEV (http://localhost:3000/_next/static/chunks/node_modules_next_dist_compiled_react-dom_058-ah~._.js:965:74)
    at performUnitOfWork (http://localhost:3000/_next/static/chunks/node_modules_next_dist_compiled_react-dom_058-ah~._.js:9555:97)
    at workLoopSync (http://localhost:3000/_next/static/chunks/node_modules_next_dist_compiled_react-dom_058-ah~._.js:9449:40)
    at renderRootSync (http://localhost:3000/_next/static/chunks/node_modules_next_dist_compiled_react-dom_058-ah~._.js:9433:13)
    at performWorkOnRoot (http://localhost:3000/_next/static/chunks/node_modules_next_dist_compiled_react-dom_058-ah~._.js:9061:186)
    at performWorkOnRootViaSchedulerTask (http://localhost:3000/_next/static/chunks/node_modules_next_dist_compiled_react-dom_058-ah~._.js:10255:9)
    at MessagePort.performWorkUntilDeadline (http://localhost:3000/_next/static/chunks/node_modules_next_dist_compiled_0rpq4pf._.js:2647:64)
[ 4061750ms] [ERROR] ReferenceError: forwardRef is not defined
    at module evaluation (http://localhost:3000/_next/static/chunks/src_09an5.v._.js:3464:25)
    at http://localhost:3000/_next/static/chunks/turbopack-_0p44nws._.js:1307:27
    at runModuleExecutionHooks (http://localhost:3000/_next/static/chunks/turbopack-_0p44nws._.js:1636:13)
    at instantiateModuleShared (http://localhost:3000/_next/static/chunks/turbopack-_0p44nws._.js:1305:9)
    at instantiateModule (http://localhost:3000/_next/static/chunks/turbopack-_0p44nws._.js:1621:12)
    at getOrInstantiateModuleFromParent (http://localhost:3000/_next/static/chunks/turbopack-_0p44nws._.js:1604:12)
    at DevContext.commonJsRequire [as r] (http://localhost:3000/_next/static/chunks/turbopack-_0p44nws._.js:299:12)
    at requireModule (http://localhost:3000/_next/static/chunks/node_modules_next_dist_compiled_react-server-dom-turbopack_0p3wegg._.js:95:84)
    at initializeModuleChunk (http://localhost:3000/_next/static/chunks/node_modules_next_dist_compiled_react-server-dom-turbopack_0p3wegg._.js:1110:25)
    at readChunk (http://localhost:3000/_next/static/chunks/node_modules_next_dist_compiled_react-server-dom-turbopack_0p3wegg._.js:846:17)
    at Object.react_stack_bottom_frame (http://localhost:3000/_next/static/chunks/node_modules_next_dist_compiled_react-dom_058-ah~._.js:15101:20)
    at resolveLazy (http://localhost:3000/_next/static/chunks/node_modules_next_dist_compiled_react-dom_058-ah~._.js:3866:20)
    at beginWork (http://localhost:3000/_next/static/chunks/node_modules_next_dist_compiled_react-dom_058-ah~._.js:6665:77)
    at runWithFiberInDEV (http://localhost:3000/_next/static/chunks/node_modules_next_dist_compiled_react-dom_058-ah~._.js:965:74)
    at performUnitOfWork (http://localhost:3000/_next/static/chunks/node_modules_next_dist_compiled_react-dom_058-ah~._.js:9555:97)
    at workLoopSync (http://localhost:3000/_next/static/chunks/node_modules_next_dist_compiled_react-dom_058-ah~._.js:9449:40)
    at renderRootSync (http://localhost:3000/_next/static/chunks/node_modules_next_dist_compiled_react-dom_058-ah~._.js:9433:13)
    at performWorkOnRoot (http://localhost:3000/_next/static/chunks/node_modules_next_dist_compiled_react-dom_058-ah~._.js:9061:186)
    at performWorkOnRootViaSchedulerTask (http://localhost:3000/_next/static/chunks/node_modules_next_dist_compiled_react-dom_058-ah~._.js:10255:9)
    at MessagePort.performWorkUntilDeadline (http://localhost:3000/_next/static/chunks/node_modules_next_dist_compiled_0rpq4pf._.js:2647:64) @ http://localhost:3000/_next/static/chunks/node_modules_next_dist_115brz8._.js:3318
[ 4061751ms] [LOG] [Fast Refresh] rebuilding @ http://localhost:3000/_next/static/chunks/node_modules_next_dist_115brz8._.js:2477
[ 4061757ms] [LOG] [Fast Refresh] done in 203ms @ http://localhost:3000/_next/static/chunks/node_modules_next_dist_115brz8._.js:2477
[ 4061862ms] [LOG] [Fast Refresh] rebuilding @ http://localhost:3000/_next/static/chunks/node_modules_next_dist_115brz8._.js:2477
[ 4061895ms] [LOG] [Fast Refresh] done in 138ms @ http://localhost:3000/_next/static/chunks/node_modules_next_dist_115brz8._.js:2477
[ 4064887ms] [WARNING] The resource http://localhost:3000/_next/static/chunks/src_styles_globals_0c8m6fs.css was preloaded using link preload but not used within a few seconds from the window's load event. Please make sure it has an appropriate `as` value and it is preloaded intentionally. @ http://localhost:3000/:0
[ 4075170ms] [LOG] [Fast Refresh] rebuilding @ http://localhost:3000/_next/static/chunks/node_modules_next_dist_115brz8._.js:2477
[ 4075288ms] [WARNING] [Fast Refresh] performing full reload

Fast Refresh will perform a full reload when you edit a file that's imported by modules outside of the React rendering tree.
You might have a file which exports a React component but also exports a value that is imported by a non-React component file.
Consider migrating the non-React component export to a separate file and importing it into both files.

It is also possible the parent component of the component you edited is a class component, which disables Fast Refresh.
Fast Refresh requires at least one parent function component in your React tree. @ http://localhost:3000/_next/static/chunks/node_modules_next_dist_115brz8._.js:2477
[ 4075289ms] [WARNING] [Fast Refresh] performing full reload because your application had an unrecoverable error @ http://localhost:3000/_next/static/chunks/node_modules_next_dist_115brz8._.js:2477
[ 4075290ms] [LOG] [Fast Refresh] done in 225ms @ http://localhost:3000/_next/static/chunks/node_modules_next_dist_115brz8._.js:2477
[ 4075575ms] [LOG] [Fast Refresh] rebuilding @ http://localhost:3000/_next/static/chunks/node_modules_next_dist_115brz8._.js:2477
[ 4075963ms] [LOG] [Fast Refresh] done in 497ms @ http://localhost:3000/_next/static/chunks/node_modules_next_dist_115brz8._.js:2477
[ 4076873ms] [INFO] %cDownload the React DevTools for a better development experience: https://react.dev/link/react-devtools font-weight:bold @ http://localhost:3000/_next/static/chunks/node_modules_next_dist_115brz8._.js:2477
[ 4076909ms] [LOG] [HMR] connected @ http://localhost:3000/_next/static/chunks/node_modules_next_dist_115brz8._.js:2477
[ 4077169ms] [ERROR] Failed to load resource: the server responded with a status of 401 (Unauthorized) @ http://localhost:3000/api/auth/session:0
[ 4084768ms] [LOG] [Fast Refresh] rebuilding @ http://localhost:3000/_next/static/chunks/node_modules_next_dist_115brz8._.js:2477
[ 4144195ms] [ERROR] ./messages/en.json:98:3
Unable to make a module from invalid JSON
   96 |     "showLess": "Show fewer",
   97 |     "allFeatures": "All Features",
>  98 |   },
      |   ^
   99 |   "Footer": {
  100 |     "brandDescription": "Automated Telegram gatekeeper & monetization platform. Focus on building your community, let ...
  101 |     "rightsReserved": "All rights reserved.",

trailing comma at line 98 column 3 @ http://localhost:3000/_next/static/chunks/node_modules_next_dist_115brz8._.js:3318
[ 4144196ms] [ERROR] ./messages/id.json:98:3
Unable to make a module from invalid JSON
   96 |     "showLess": "Tampilkan lebih sedikit",
   97 |     "allFeatures": "Semua Fitur",
>  98 |   },
      |   ^
   99 |   "Footer": {
  100 |     "brandDescription": "Platform penjaga & monetisasi Telegram otomatis. Fokus pada membangun komunitas, biar kami ya...
  101 |     "rightsReserved": "Hak cipta dilindungi.",

trailing comma at line 98 column 3 @ http://localhost:3000/_next/static/chunks/node_modules_next_dist_115brz8._.js:3318
[ 4144230ms] [ERROR] ./messages/en.json:98:3
Unable to make a module from invalid JSON
   96 |     "showLess": "Show fewer",
   97 |     "allFeatures": "All Features",
>  98 |   },
      |   ^
   99 |   "Footer": {
  100 |     "brandDescription": "Automated Telegram gatekeeper & monetization platform. Focus on building your community, let ...
  101 |     "rightsReserved": "All rights reserved.",

trailing comma at line 98 column 3 @ http://localhost:3000/_next/static/chunks/node_modules_next_dist_115brz8._.js:3318
[ 4144231ms] [ERROR] ./messages/id.json:98:3
Unable to make a module from invalid JSON
   96 |     "showLess": "Tampilkan lebih sedikit",
   97 |     "allFeatures": "Semua Fitur",
>  98 |   },
      |   ^
   99 |   "Footer": {
  100 |     "brandDescription": "Platform penjaga & monetisasi Telegram otomatis. Fokus pada membangun komunitas, biar kami ya...
  101 |     "rightsReserved": "Hak cipta dilindungi.",

trailing comma at line 98 column 3 @ http://localhost:3000/_next/static/chunks/node_modules_next_dist_115brz8._.js:3318
[ 4144323ms] [LOG] [Fast Refresh] rebuilding @ http://localhost:3000/_next/static/chunks/node_modules_next_dist_115brz8._.js:2477
[ 4144471ms] [LOG] [Fast Refresh] rebuilding @ http://localhost:3000/_next/static/chunks/node_modules_next_dist_115brz8._.js:2477
[ 4144950ms] [ERROR] ./messages/en.json:98:3
Unable to make a module from invalid JSON
   96 |     "showLess": "Show fewer",
   97 |     "allFeatures": "All Features",
>  98 |   },
      |   ^
   99 |   "Footer": {
  100 |     "brandDescription": "Automated Telegram gatekeeper & monetization platform. Focus on building your community, let ...
  101 |     "rightsReserved": "All rights reserved.",

trailing comma at line 98 column 3 @ http://localhost:3000/_next/static/chunks/node_modules_next_dist_115brz8._.js:3318
[ 4144951ms] [ERROR] ./messages/id.json:98:3
Unable to make a module from invalid JSON
   96 |     "showLess": "Tampilkan lebih sedikit",
   97 |     "allFeatures": "Semua Fitur",
>  98 |   },
      |   ^
   99 |   "Footer": {
  100 |     "brandDescription": "Platform penjaga & monetisasi Telegram otomatis. Fokus pada membangun komunitas, biar kami ya...
  101 |     "rightsReserved": "Hak cipta dilindungi.",

trailing comma at line 98 column 3 @ http://localhost:3000/_next/static/chunks/node_modules_next_dist_115brz8._.js:3318
[ 4145291ms] [LOG] [Fast Refresh] rebuilding @ http://localhost:3000/_next/static/chunks/node_modules_next_dist_115brz8._.js:2477
[ 4145597ms] [ERROR] ./messages/en.json:98:3
Unable to make a module from invalid JSON
   96 |     "showLess": "Show fewer",
   97 |     "allFeatures": "All Features",
>  98 |   },
      |   ^
   99 |   "Footer": {
  100 |     "brandDescription": "Automated Telegram gatekeeper & monetization platform. Focus on building your community, let ...
  101 |     "rightsReserved": "All rights reserved.",

trailing comma at line 98 column 3 @ http://localhost:3000/_next/static/chunks/node_modules_next_dist_115brz8._.js:3318
[ 4145598ms] [ERROR] ./messages/id.json:98:3
Unable to make a module from invalid JSON
   96 |     "showLess": "Tampilkan lebih sedikit",
   97 |     "allFeatures": "Semua Fitur",
>  98 |   },
      |   ^
   99 |   "Footer": {
  100 |     "brandDescription": "Platform penjaga & monetisasi Telegram otomatis. Fokus pada membangun komunitas, biar kami ya...
  101 |     "rightsReserved": "Hak cipta dilindungi.",

trailing comma at line 98 column 3 @ http://localhost:3000/_next/static/chunks/node_modules_next_dist_115brz8._.js:3318
[ 4145600ms] [ERROR] ./messages/en.json:98:3
Unable to make a module from invalid JSON
   96 |     "showLess": "Show fewer",
   97 |     "allFeatures": "All Features",
>  98 |   },
      |   ^
   99 |   "Footer": {
  100 |     "brandDescription": "Automated Telegram gatekeeper & monetization platform. Focus on building your community, let ...
  101 |     "rightsReserved": "All rights reserved.",

trailing comma at line 98 column 3 @ http://localhost:3000/_next/static/chunks/node_modules_next_dist_115brz8._.js:3318
[ 4145601ms] [ERROR] ./messages/id.json:98:3
Unable to make a module from invalid JSON
   96 |     "showLess": "Tampilkan lebih sedikit",
   97 |     "allFeatures": "Semua Fitur",
>  98 |   },
      |   ^
   99 |   "Footer": {
  100 |     "brandDescription": "Platform penjaga & monetisasi Telegram otomatis. Fokus pada membangun komunitas, biar kami ya...
  101 |     "rightsReserved": "Hak cipta dilindungi.",

trailing comma at line 98 column 3 @ http://localhost:3000/_next/static/chunks/node_modules_next_dist_115brz8._.js:3318
[ 4145710ms] [LOG] [Fast Refresh] rebuilding @ http://localhost:3000/_next/static/chunks/node_modules_next_dist_115brz8._.js:2477
[ 4145878ms] [ERROR] ./messages/en.json:98:3
Unable to make a module from invalid JSON
   96 |     "showLess": "Show fewer",
   97 |     "allFeatures": "All Features",
>  98 |   },
      |   ^
   99 |   "Footer": {
  100 |     "brandDescription": "Automated Telegram gatekeeper & monetization platform. Focus on building your community, let ...
  101 |     "rightsReserved": "All rights reserved.",

trailing comma at line 98 column 3 @ http://localhost:3000/_next/static/chunks/node_modules_next_dist_115brz8._.js:3318
[ 4145878ms] [ERROR] ./messages/id.json:98:3
Unable to make a module from invalid JSON
   96 |     "showLess": "Tampilkan lebih sedikit",
   97 |     "allFeatures": "Semua Fitur",
>  98 |   },
      |   ^
   99 |   "Footer": {
  100 |     "brandDescription": "Platform penjaga & monetisasi Telegram otomatis. Fokus pada membangun komunitas, biar kami ya...
  101 |     "rightsReserved": "Hak cipta dilindungi.",

trailing comma at line 98 column 3 @ http://localhost:3000/_next/static/chunks/node_modules_next_dist_115brz8._.js:3318
[ 4145980ms] [LOG] [Fast Refresh] rebuilding @ http://localhost:3000/_next/static/chunks/node_modules_next_dist_115brz8._.js:2477
[ 4146495ms] [ERROR] ./messages/en.json:98:3
Unable to make a module from invalid JSON
   96 |     "showLess": "Show fewer",
   97 |     "allFeatures": "All Features",
>  98 |   },
      |   ^
   99 |   "Footer": {
  100 |     "brandDescription": "Automated Telegram gatekeeper & monetization platform. Focus on building your community, let ...
  101 |     "rightsReserved": "All rights reserved.",

trailing comma at line 98 column 3 @ http://localhost:3000/_next/static/chunks/node_modules_next_dist_115brz8._.js:3318
[ 4146495ms] [ERROR] ./messages/id.json:98:3
Unable to make a module from invalid JSON
   96 |     "showLess": "Tampilkan lebih sedikit",
   97 |     "allFeatures": "Semua Fitur",
>  98 |   },
      |   ^
   99 |   "Footer": {
  100 |     "brandDescription": "Platform penjaga & monetisasi Telegram otomatis. Fokus pada membangun komunitas, biar kami ya...
  101 |     "rightsReserved": "Hak cipta dilindungi.",

trailing comma at line 98 column 3 @ http://localhost:3000/_next/static/chunks/node_modules_next_dist_115brz8._.js:3318
[ 4146501ms] [ERROR] Failed to load resource: the server responded with a status of 500 (Internal Server Error) @ http://localhost:3000/?_rsc=tc0bLQSeOKC5xjva:0
[ 4146505ms] [ERROR] Failed to load resource: the server responded with a status of 500 (Internal Server Error) @ http://localhost:3000/?_rsc=tc0bLQSeOKC5xjva:0
[ 4146508ms] [ERROR] Failed to load resource: the server responded with a status of 500 (Internal Server Error) @ http://localhost:3000/?_rsc=tc0bLQSeOKC5xjva:0
[ 4146510ms] [ERROR] Failed to load resource: the server responded with a status of 500 (Internal Server Error) @ http://localhost:3000/?_rsc=tc0bLQSeOKC5xjva:0
[ 4146513ms] [ERROR] Failed to load resource: the server responded with a status of 500 (Internal Server Error) @ http://localhost:3000/?_rsc=tc0bLQSeOKC5xjva:0
[ 4146515ms] [ERROR] Failed to load resource: the server responded with a status of 500 (Internal Server Error) @ http://localhost:3000/?_rsc=tc0bLQSeOKC5xjva:0
[ 4147144ms] [LOG] [Fast Refresh] rebuilding @ http://localhost:3000/_next/static/chunks/node_modules_next_dist_115brz8._.js:2477
[ 4148965ms] [ERROR] ./messages/en.json:98:3
Unable to make a module from invalid JSON
   96 |     "showLess": "Show fewer",
   97 |     "allFeatures": "All Features",
>  98 |   },
      |   ^
   99 |   "Footer": {
  100 |     "brandDescription": "Automated Telegram gatekeeper & monetization platform. Focus on building your community, let ...
  101 |     "rightsReserved": "All rights reserved.",

trailing comma at line 98 column 3 @ http://localhost:3000/_next/static/chunks/node_modules_next_dist_115brz8._.js:3318
[ 4148966ms] [ERROR] ./messages/id.json:98:3
Unable to make a module from invalid JSON
   96 |     "showLess": "Tampilkan lebih sedikit",
   97 |     "allFeatures": "Semua Fitur",
>  98 |   },
      |   ^
   99 |   "Footer": {
  100 |     "brandDescription": "Platform penjaga & monetisasi Telegram otomatis. Fokus pada membangun komunitas, biar kami ya...
  101 |     "rightsReserved": "Hak cipta dilindungi.",

trailing comma at line 98 column 3 @ http://localhost:3000/_next/static/chunks/node_modules_next_dist_115brz8._.js:3318
[ 4148969ms] [ERROR] ./messages/en.json:98:3
Unable to make a module from invalid JSON
   96 |     "showLess": "Show fewer",
   97 |     "allFeatures": "All Features",
>  98 |   },
      |   ^
   99 |   "Footer": {
  100 |     "brandDescription": "Automated Telegram gatekeeper & monetization platform. Focus on building your community, let ...
  101 |     "rightsReserved": "All rights reserved.",

trailing comma at line 98 column 3 @ http://localhost:3000/_next/static/chunks/node_modules_next_dist_115brz8._.js:3318
[ 4148970ms] [ERROR] ./messages/id.json:98:3
Unable to make a module from invalid JSON
   96 |     "showLess": "Tampilkan lebih sedikit",
   97 |     "allFeatures": "Semua Fitur",
>  98 |   },
      |   ^
   99 |   "Footer": {
  100 |     "brandDescription": "Platform penjaga & monetisasi Telegram otomatis. Fokus pada membangun komunitas, biar kami ya...
  101 |     "rightsReserved": "Hak cipta dilindungi.",

trailing comma at line 98 column 3 @ http://localhost:3000/_next/static/chunks/node_modules_next_dist_115brz8._.js:3318
[ 4148972ms] [ERROR] ./messages/en.json:98:3
Unable to make a module from invalid JSON
   96 |     "showLess": "Show fewer",
   97 |     "allFeatures": "All Features",
>  98 |   },
      |   ^
   99 |   "Footer": {
  100 |     "brandDescription": "Automated Telegram gatekeeper & monetization platform. Focus on building your community, let ...
  101 |     "rightsReserved": "All rights reserved.",

trailing comma at line 98 column 3 @ http://localhost:3000/_next/static/chunks/node_modules_next_dist_115brz8._.js:3318
[ 4148972ms] [ERROR] ./messages/id.json:98:3
Unable to make a module from invalid JSON
   96 |     "showLess": "Tampilkan lebih sedikit",
   97 |     "allFeatures": "Semua Fitur",
>  98 |   },
      |   ^
   99 |   "Footer": {
  100 |     "brandDescription": "Platform penjaga & monetisasi Telegram otomatis. Fokus pada membangun komunitas, biar kami ya...
  101 |     "rightsReserved": "Hak cipta dilindungi.",

trailing comma at line 98 column 3 @ http://localhost:3000/_next/static/chunks/node_modules_next_dist_115brz8._.js:3318
[ 4148981ms] [ERROR] ./messages/en.json:98:3
Unable to make a module from invalid JSON
   96 |     "showLess": "Show fewer",
   97 |     "allFeatures": "All Features",
>  98 |   },
      |   ^
   99 |   "Footer": {
  100 |     "brandDescription": "Automated Telegram gatekeeper & monetization platform. Focus on building your community, let ...
  101 |     "rightsReserved": "All rights reserved.",

trailing comma at line 98 column 3 @ http://localhost:3000/_next/static/chunks/node_modules_next_dist_115brz8._.js:3318
[ 4148981ms] [ERROR] ./messages/id.json:98:3
Unable to make a module from invalid JSON
   96 |     "showLess": "Tampilkan lebih sedikit",
   97 |     "allFeatures": "Semua Fitur",
>  98 |   },
      |   ^
   99 |   "Footer": {
  100 |     "brandDescription": "Platform penjaga & monetisasi Telegram otomatis. Fokus pada membangun komunitas, biar kami ya...
  101 |     "rightsReserved": "Hak cipta dilindungi.",

trailing comma at line 98 column 3 @ http://localhost:3000/_next/static/chunks/node_modules_next_dist_115brz8._.js:3318
[ 4148985ms] [ERROR] ./messages/en.json:98:3
Unable to make a module from invalid JSON
   96 |     "showLess": "Show fewer",
   97 |     "allFeatures": "All Features",
>  98 |   },
      |   ^
   99 |   "Footer": {
  100 |     "brandDescription": "Automated Telegram gatekeeper & monetization platform. Focus on building your community, let ...
  101 |     "rightsReserved": "All rights reserved.",

trailing comma at line 98 column 3 @ http://localhost:3000/_next/static/chunks/node_modules_next_dist_115brz8._.js:3318
[ 4148985ms] [ERROR] ./messages/id.json:98:3
Unable to make a module from invalid JSON
   96 |     "showLess": "Tampilkan lebih sedikit",
   97 |     "allFeatures": "Semua Fitur",
>  98 |   },
      |   ^
   99 |   "Footer": {
  100 |     "brandDescription": "Platform penjaga & monetisasi Telegram otomatis. Fokus pada membangun komunitas, biar kami ya...
  101 |     "rightsReserved": "Hak cipta dilindungi.",

trailing comma at line 98 column 3 @ http://localhost:3000/_next/static/chunks/node_modules_next_dist_115brz8._.js:3318
[ 4148993ms] [ERROR] ./messages/en.json:98:3
Unable to make a module from invalid JSON
   96 |     "showLess": "Show fewer",
   97 |     "allFeatures": "All Features",
>  98 |   },
      |   ^
   99 |   "Footer": {
  100 |     "brandDescription": "Automated Telegram gatekeeper & monetization platform. Focus on building your community, let ...
  101 |     "rightsReserved": "All rights reserved.",

trailing comma at line 98 column 3 @ http://localhost:3000/_next/static/chunks/node_modules_next_dist_115brz8._.js:3318
[ 4148994ms] [ERROR] ./messages/id.json:98:3
Unable to make a module from invalid JSON
   96 |     "showLess": "Tampilkan lebih sedikit",
   97 |     "allFeatures": "Semua Fitur",
>  98 |   },
      |   ^
   99 |   "Footer": {
  100 |     "brandDescription": "Platform penjaga & monetisasi Telegram otomatis. Fokus pada membangun komunitas, biar kami ya...
  101 |     "rightsReserved": "Hak cipta dilindungi.",

trailing comma at line 98 column 3 @ http://localhost:3000/_next/static/chunks/node_modules_next_dist_115brz8._.js:3318
[ 4149001ms] [ERROR] ./messages/en.json:98:3
Unable to make a module from invalid JSON
   96 |     "showLess": "Show fewer",
   97 |     "allFeatures": "All Features",
>  98 |   },
      |   ^
   99 |   "Footer": {
  100 |     "brandDescription": "Automated Telegram gatekeeper & monetization platform. Focus on building your community, let ...
  101 |     "rightsReserved": "All rights reserved.",

trailing comma at line 98 column 3 @ http://localhost:3000/_next/static/chunks/node_modules_next_dist_115brz8._.js:3318
[ 4149003ms] [ERROR] ./messages/id.json:98:3
Unable to make a module from invalid JSON
   96 |     "showLess": "Tampilkan lebih sedikit",
   97 |     "allFeatures": "Semua Fitur",
>  98 |   },
      |   ^
   99 |   "Footer": {
  100 |     "brandDescription": "Platform penjaga & monetisasi Telegram otomatis. Fokus pada membangun komunitas, biar kami ya...
  101 |     "rightsReserved": "Hak cipta dilindungi.",

trailing comma at line 98 column 3 @ http://localhost:3000/_next/static/chunks/node_modules_next_dist_115brz8._.js:3318
[ 4149018ms] [ERROR] ./messages/en.json:98:3
Unable to make a module from invalid JSON
   96 |     "showLess": "Show fewer",
   97 |     "allFeatures": "All Features",
>  98 |   },
      |   ^
   99 |   "Footer": {
  100 |     "brandDescription": "Automated Telegram gatekeeper & monetization platform. Focus on building your community, let ...
  101 |     "rightsReserved": "All rights reserved.",

trailing comma at line 98 column 3 @ http://localhost:3000/_next/static/chunks/node_modules_next_dist_115brz8._.js:3318
[ 4149019ms] [ERROR] ./messages/id.json:98:3
Unable to make a module from invalid JSON
   96 |     "showLess": "Tampilkan lebih sedikit",
   97 |     "allFeatures": "Semua Fitur",
>  98 |   },
      |   ^
   99 |   "Footer": {
  100 |     "brandDescription": "Platform penjaga & monetisasi Telegram otomatis. Fokus pada membangun komunitas, biar kami ya...
  101 |     "rightsReserved": "Hak cipta dilindungi.",

trailing comma at line 98 column 3 @ http://localhost:3000/_next/static/chunks/node_modules_next_dist_115brz8._.js:3318
[ 4149032ms] [ERROR] ./messages/en.json:98:3
Unable to make a module from invalid JSON
   96 |     "showLess": "Show fewer",
   97 |     "allFeatures": "All Features",
>  98 |   },
      |   ^
   99 |   "Footer": {
  100 |     "brandDescription": "Automated Telegram gatekeeper & monetization platform. Focus on building your community, let ...
  101 |     "rightsReserved": "All rights reserved.",

trailing comma at line 98 column 3 @ http://localhost:3000/_next/static/chunks/node_modules_next_dist_115brz8._.js:3318
[ 4149032ms] [ERROR] ./messages/id.json:98:3
Unable to make a module from invalid JSON
   96 |     "showLess": "Tampilkan lebih sedikit",
   97 |     "allFeatures": "Semua Fitur",
>  98 |   },
      |   ^
   99 |   "Footer": {
  100 |     "brandDescription": "Platform penjaga & monetisasi Telegram otomatis. Fokus pada membangun komunitas, biar kami ya...
  101 |     "rightsReserved": "Hak cipta dilindungi.",

trailing comma at line 98 column 3 @ http://localhost:3000/_next/static/chunks/node_modules_next_dist_115brz8._.js:3318
[ 4149046ms] [ERROR] ./messages/en.json:98:3
Unable to make a module from invalid JSON
   96 |     "showLess": "Show fewer",
   97 |     "allFeatures": "All Features",
>  98 |   },
      |   ^
   99 |   "Footer": {
  100 |     "brandDescription": "Automated Telegram gatekeeper & monetization platform. Focus on building your community, let ...
  101 |     "rightsReserved": "All rights reserved.",

trailing comma at line 98 column 3 @ http://localhost:3000/_next/static/chunks/node_modules_next_dist_115brz8._.js:3318
[ 4149047ms] [ERROR] ./messages/id.json:98:3
Unable to make a module from invalid JSON
   96 |     "showLess": "Tampilkan lebih sedikit",
   97 |     "allFeatures": "Semua Fitur",
>  98 |   },
      |   ^
   99 |   "Footer": {
  100 |     "brandDescription": "Platform penjaga & monetisasi Telegram otomatis. Fokus pada membangun komunitas, biar kami ya...
  101 |     "rightsReserved": "Hak cipta dilindungi.",

trailing comma at line 98 column 3 @ http://localhost:3000/_next/static/chunks/node_modules_next_dist_115brz8._.js:3318
[ 4149064ms] [ERROR] ./messages/en.json:98:3
Unable to make a module from invalid JSON
   96 |     "showLess": "Show fewer",
   97 |     "allFeatures": "All Features",
>  98 |   },
      |   ^
   99 |   "Footer": {
  100 |     "brandDescription": "Automated Telegram gatekeeper & monetization platform. Focus on building your community, let ...
  101 |     "rightsReserved": "All rights reserved.",

trailing comma at line 98 column 3 @ http://localhost:3000/_next/static/chunks/node_modules_next_dist_115brz8._.js:3318
[ 4149065ms] [ERROR] ./messages/id.json:98:3
Unable to make a module from invalid JSON
   96 |     "showLess": "Tampilkan lebih sedikit",
   97 |     "allFeatures": "Semua Fitur",
>  98 |   },
      |   ^
   99 |   "Footer": {
  100 |     "brandDescription": "Platform penjaga & monetisasi Telegram otomatis. Fokus pada membangun komunitas, biar kami ya...
  101 |     "rightsReserved": "Hak cipta dilindungi.",

trailing comma at line 98 column 3 @ http://localhost:3000/_next/static/chunks/node_modules_next_dist_115brz8._.js:3318
[ 4149083ms] [ERROR] ./messages/en.json:98:3
Unable to make a module from invalid JSON
   96 |     "showLess": "Show fewer",
   97 |     "allFeatures": "All Features",
>  98 |   },
      |   ^
   99 |   "Footer": {
  100 |     "brandDescription": "Automated Telegram gatekeeper & monetization platform. Focus on building your community, let ...
  101 |     "rightsReserved": "All rights reserved.",

trailing comma at line 98 column 3 @ http://localhost:3000/_next/static/chunks/node_modules_next_dist_115brz8._.js:3318
[ 4149083ms] [ERROR] ./messages/id.json:98:3
Unable to make a module from invalid JSON
   96 |     "showLess": "Tampilkan lebih sedikit",
   97 |     "allFeatures": "Semua Fitur",
>  98 |   },
      |   ^
   99 |   "Footer": {
  100 |     "brandDescription": "Platform penjaga & monetisasi Telegram otomatis. Fokus pada membangun komunitas, biar kami ya...
  101 |     "rightsReserved": "Hak cipta dilindungi.",

trailing comma at line 98 column 3 @ http://localhost:3000/_next/static/chunks/node_modules_next_dist_115brz8._.js:3318
[ 4149173ms] [LOG] [Fast Refresh] rebuilding @ http://localhost:3000/_next/static/chunks/node_modules_next_dist_115brz8._.js:2477
[ 4151391ms] [ERROR] ./messages/en.json:98:3
Unable to make a module from invalid JSON
   96 |     "showLess": "Show fewer",
   97 |     "allFeatures": "All Features",
>  98 |   },
      |   ^
   99 |   "Footer": {
  100 |     "brandDescription": "Automated Telegram gatekeeper & monetization platform. Focus on building your community, let ...
  101 |     "rightsReserved": "All rights reserved.",

trailing comma at line 98 column 3 @ http://localhost:3000/_next/static/chunks/node_modules_next_dist_115brz8._.js:3318
[ 4151393ms] [ERROR] ./messages/id.json:98:3
Unable to make a module from invalid JSON
   96 |     "showLess": "Tampilkan lebih sedikit",
   97 |     "allFeatures": "Semua Fitur",
>  98 |   },
      |   ^
   99 |   "Footer": {
  100 |     "brandDescription": "Platform penjaga & monetisasi Telegram otomatis. Fokus pada membangun komunitas, biar kami ya...
  101 |     "rightsReserved": "Hak cipta dilindungi.",

trailing comma at line 98 column 3 @ http://localhost:3000/_next/static/chunks/node_modules_next_dist_115brz8._.js:3318
[ 4151401ms] [ERROR] ./messages/en.json:98:3
Unable to make a module from invalid JSON
   96 |     "showLess": "Show fewer",
   97 |     "allFeatures": "All Features",
>  98 |   },
      |   ^
   99 |   "Footer": {
  100 |     "brandDescription": "Automated Telegram gatekeeper & monetization platform. Focus on building your community, let ...
  101 |     "rightsReserved": "All rights reserved.",

trailing comma at line 98 column 3 @ http://localhost:3000/_next/static/chunks/node_modules_next_dist_115brz8._.js:3318
[ 4151403ms] [ERROR] ./messages/id.json:98:3
Unable to make a module from invalid JSON
   96 |     "showLess": "Tampilkan lebih sedikit",
   97 |     "allFeatures": "Semua Fitur",
>  98 |   },
      |   ^
   99 |   "Footer": {
  100 |     "brandDescription": "Platform penjaga & monetisasi Telegram otomatis. Fokus pada membangun komunitas, biar kami ya...
  101 |     "rightsReserved": "Hak cipta dilindungi.",

trailing comma at line 98 column 3 @ http://localhost:3000/_next/static/chunks/node_modules_next_dist_115brz8._.js:3318
[ 4151420ms] [ERROR] ./messages/en.json:98:3
Unable to make a module from invalid JSON
   96 |     "showLess": "Show fewer",
   97 |     "allFeatures": "All Features",
>  98 |   },
      |   ^
   99 |   "Footer": {
  100 |     "brandDescription": "Automated Telegram gatekeeper & monetization platform. Focus on building your community, let ...
  101 |     "rightsReserved": "All rights reserved.",

trailing comma at line 98 column 3 @ http://localhost:3000/_next/static/chunks/node_modules_next_dist_115brz8._.js:3318
[ 4151420ms] [ERROR] ./messages/id.json:98:3
Unable to make a module from invalid JSON
   96 |     "showLess": "Tampilkan lebih sedikit",
   97 |     "allFeatures": "Semua Fitur",
>  98 |   },
      |   ^
   99 |   "Footer": {
  100 |     "brandDescription": "Platform penjaga & monetisasi Telegram otomatis. Fokus pada membangun komunitas, biar kami ya...
  101 |     "rightsReserved": "Hak cipta dilindungi.",

trailing comma at line 98 column 3 @ http://localhost:3000/_next/static/chunks/node_modules_next_dist_115brz8._.js:3318
[ 4151422ms] [ERROR] ./messages/en.json:98:3
Unable to make a module from invalid JSON
   96 |     "showLess": "Show fewer",
   97 |     "allFeatures": "All Features",
>  98 |   },
      |   ^
   99 |   "Footer": {
  100 |     "brandDescription": "Automated Telegram gatekeeper & monetization platform. Focus on building your community, let ...
  101 |     "rightsReserved": "All rights reserved.",

trailing comma at line 98 column 3 @ http://localhost:3000/_next/static/chunks/node_modules_next_dist_115brz8._.js:3318
[ 4151423ms] [ERROR] ./messages/id.json:98:3
Unable to make a module from invalid JSON
   96 |     "showLess": "Tampilkan lebih sedikit",
   97 |     "allFeatures": "Semua Fitur",
>  98 |   },
      |   ^
   99 |   "Footer": {
  100 |     "brandDescription": "Platform penjaga & monetisasi Telegram otomatis. Fokus pada membangun komunitas, biar kami ya...
  101 |     "rightsReserved": "Hak cipta dilindungi.",

trailing comma at line 98 column 3 @ http://localhost:3000/_next/static/chunks/node_modules_next_dist_115brz8._.js:3318
[ 4151533ms] [LOG] [Fast Refresh] rebuilding @ http://localhost:3000/_next/static/chunks/node_modules_next_dist_115brz8._.js:2477
[ 4154016ms] [ERROR] ./messages/en.json:98:3
Unable to make a module from invalid JSON
   96 |     "showLess": "Show fewer",
   97 |     "allFeatures": "All Features",
>  98 |   },
      |   ^
   99 |   "Footer": {
  100 |     "brandDescription": "Automated Telegram gatekeeper & monetization platform. Focus on building your community, let ...
  101 |     "rightsReserved": "All rights reserved.",

trailing comma at line 98 column 3 @ http://localhost:3000/_next/static/chunks/node_modules_next_dist_115brz8._.js:3318
[ 4154017ms] [ERROR] ./messages/id.json:98:3
Unable to make a module from invalid JSON
   96 |     "showLess": "Tampilkan lebih sedikit",
   97 |     "allFeatures": "Semua Fitur",
>  98 |   },
      |   ^
   99 |   "Footer": {
  100 |     "brandDescription": "Platform penjaga & monetisasi Telegram otomatis. Fokus pada membangun komunitas, biar kami ya...
  101 |     "rightsReserved": "Hak cipta dilindungi.",

trailing comma at line 98 column 3 @ http://localhost:3000/_next/static/chunks/node_modules_next_dist_115brz8._.js:3318
[ 4154039ms] [ERROR] Failed to load resource: the server responded with a status of 500 (Internal Server Error) @ http://localhost:3000/?_rsc=tc0bLQSeOKC5xjva:0
[ 4154041ms] [ERROR] Failed to load resource: the server responded with a status of 500 (Internal Server Error) @ http://localhost:3000/?_rsc=tc0bLQSeOKC5xjva:0
[ 4154043ms] [ERROR] Failed to load resource: the server responded with a status of 500 (Internal Server Error) @ http://localhost:3000/?_rsc=tc0bLQSeOKC5xjva:0
[ 4154046ms] [ERROR] Failed to load resource: the server responded with a status of 500 (Internal Server Error) @ http://localhost:3000/?_rsc=tc0bLQSeOKC5xjva:0
[ 4154048ms] [ERROR] Failed to load resource: the server responded with a status of 500 (Internal Server Error) @ http://localhost:3000/?_rsc=tc0bLQSeOKC5xjva:0
[ 4154128ms] [ERROR] Failed to load resource: the server responded with a status of 500 (Internal Server Error) @ http://localhost:3000/:0
[ 4154722ms] [INFO] %cDownload the React DevTools for a better development experience: https://react.dev/link/react-devtools font-weight:bold @ http://localhost:3000/_next/static/chunks/node_modules_react-dom_0bruynb._.js:15305
[ 4154849ms] Error: ./messages/en.json:98:3
Unable to make a module from invalid JSON
   96 |     "showLess": "Show fewer",
   97 |     "allFeatures": "All Features",
>  98 |   },
      |   ^
   99 |   "Footer": {
  100 |     "brandDescription": "Automated Telegram gatekeeper & monetization platform. Focus on building your community, let ...
  101 |     "rightsReserved": "All rights reserved.",

trailing comma at line 98 column 3


    at <unknown> (Error: ./messages/en.json:98:3)
    at Object.getCompilationErrors (file://D:\Development\Application\Project-untuk-tambah-uang-nikah\tg-manager\next-shadcn-dashboard-starter\node_modules\next\dist\server\dev\hot-reloader-turbopack.js:1186:59)
    at DevBundlerService.getCompilationError (file://D:\Development\Application\Project-untuk-tambah-uang-nikah\tg-manager\next-shadcn-dashboard-starter\node_modules\next\dist\server\lib\dev-bundler-service.js:44:55)
    at DevServer.getCompilationError (file://D:\Development\Application\Project-untuk-tambah-uang-nikah\tg-manager\next-shadcn-dashboard-starter\node_modules\next\dist\server\dev\next-dev-server.js:720:42)
    at DevServer.findPageComponents (file://D:\Development\Application\Project-untuk-tambah-uang-nikah\tg-manager\next-shadcn-dashboard-starter\node_modules\next\dist\server\dev\next-dev-server.js:690:43)
    at async DevServer.renderErrorToResponseImpl (file://D:\Development\Application\Project-untuk-tambah-uang-nikah\tg-manager\next-shadcn-dashboard-starter\node_modules\next\dist\server\base-server.js:1753:26)
[ 4154846ms] [LOG] [HMR] connected @ http://localhost:3000/_next/static/chunks/node_modules_next_dist_0u_w_5s._.js:1226
[ 4154899ms] [ERROR] ./messages/en.json:98:3
Unable to make a module from invalid JSON
   96 |     "showLess": "Show fewer",
   97 |     "allFeatures": "All Features",
>  98 |   },
      |   ^
   99 |   "Footer": {
  100 |     "brandDescription": "Automated Telegram gatekeeper & monetization platform. Focus on building your community, let ...
  101 |     "rightsReserved": "All rights reserved.",

trailing comma at line 98 column 3 @ http://localhost:3000/_next/static/chunks/node_modules_next_dist_0u_w_5s._.js:1945
[ 4154899ms] [ERROR] ./messages/id.json:98:3
Unable to make a module from invalid JSON
   96 |     "showLess": "Tampilkan lebih sedikit",
   97 |     "allFeatures": "Semua Fitur",
>  98 |   },
      |   ^
   99 |   "Footer": {
  100 |     "brandDescription": "Platform penjaga & monetisasi Telegram otomatis. Fokus pada membangun komunitas, biar kami ya...
  101 |     "rightsReserved": "Hak cipta dilindungi.",

trailing comma at line 98 column 3 @ http://localhost:3000/_next/static/chunks/node_modules_next_dist_0u_w_5s._.js:1945
[ 4154900ms] [ERROR] ./messages/en.json:98:3
Unable to make a module from invalid JSON
   96 |     "showLess": "Show fewer",
   97 |     "allFeatures": "All Features",
>  98 |   },
      |   ^
   99 |   "Footer": {
  100 |     "brandDescription": "Automated Telegram gatekeeper & monetization platform. Focus on building your community, let ...
  101 |     "rightsReserved": "All rights reserved.",

trailing comma at line 98 column 3 @ http://localhost:3000/_next/static/chunks/node_modules_next_dist_0u_w_5s._.js:1945
[ 4154900ms] [ERROR] ./messages/id.json:98:3
Unable to make a module from invalid JSON
   96 |     "showLess": "Tampilkan lebih sedikit",
   97 |     "allFeatures": "Semua Fitur",
>  98 |   },
      |   ^
   99 |   "Footer": {
  100 |     "brandDescription": "Platform penjaga & monetisasi Telegram otomatis. Fokus pada membangun komunitas, biar kami ya...
  101 |     "rightsReserved": "Hak cipta dilindungi.",

trailing comma at line 98 column 3 @ http://localhost:3000/_next/static/chunks/node_modules_next_dist_0u_w_5s._.js:1945
[ 4154901ms] [ERROR] ./messages/en.json:98:3
Unable to make a module from invalid JSON
   96 |     "showLess": "Show fewer",
   97 |     "allFeatures": "All Features",
>  98 |   },
      |   ^
   99 |   "Footer": {
  100 |     "brandDescription": "Automated Telegram gatekeeper & monetization platform. Focus on building your community, let ...
  101 |     "rightsReserved": "All rights reserved.",

trailing comma at line 98 column 3 @ http://localhost:3000/_next/static/chunks/node_modules_next_dist_0u_w_5s._.js:1945
[ 4154901ms] [ERROR] ./messages/id.json:98:3
Unable to make a module from invalid JSON
   96 |     "showLess": "Tampilkan lebih sedikit",
   97 |     "allFeatures": "Semua Fitur",
>  98 |   },
      |   ^
   99 |   "Footer": {
  100 |     "brandDescription": "Platform penjaga & monetisasi Telegram otomatis. Fokus pada membangun komunitas, biar kami ya...
  101 |     "rightsReserved": "Hak cipta dilindungi.",

trailing comma at line 98 column 3 @ http://localhost:3000/_next/static/chunks/node_modules_next_dist_0u_w_5s._.js:1945
[ 4154901ms] [ERROR] ./messages/en.json:98:3
Unable to make a module from invalid JSON
   96 |     "showLess": "Show fewer",
   97 |     "allFeatures": "All Features",
>  98 |   },
      |   ^
   99 |   "Footer": {
  100 |     "brandDescription": "Automated Telegram gatekeeper & monetization platform. Focus on building your community, let ...
  101 |     "rightsReserved": "All rights reserved.",

trailing comma at line 98 column 3 @ http://localhost:3000/_next/static/chunks/node_modules_next_dist_0u_w_5s._.js:1945
[ 4154901ms] [ERROR] ./messages/id.json:98:3
Unable to make a module from invalid JSON
   96 |     "showLess": "Tampilkan lebih sedikit",
   97 |     "allFeatures": "Semua Fitur",
>  98 |   },
      |   ^
   99 |   "Footer": {
  100 |     "brandDescription": "Platform penjaga & monetisasi Telegram otomatis. Fokus pada membangun komunitas, biar kami ya...
  101 |     "rightsReserved": "Hak cipta dilindungi.",

trailing comma at line 98 column 3 @ http://localhost:3000/_next/static/chunks/node_modules_next_dist_0u_w_5s._.js:1945
[ 4154902ms] [ERROR] ./messages/en.json:98:3
Unable to make a module from invalid JSON
   96 |     "showLess": "Show fewer",
   97 |     "allFeatures": "All Features",
>  98 |   },
      |   ^
   99 |   "Footer": {
  100 |     "brandDescription": "Automated Telegram gatekeeper & monetization platform. Focus on building your community, let ...
  101 |     "rightsReserved": "All rights reserved.",

trailing comma at line 98 column 3 @ http://localhost:3000/_next/static/chunks/node_modules_next_dist_0u_w_5s._.js:1945
[ 4154902ms] [ERROR] ./messages/id.json:98:3
Unable to make a module from invalid JSON
   96 |     "showLess": "Tampilkan lebih sedikit",
   97 |     "allFeatures": "Semua Fitur",
>  98 |   },
      |   ^
   99 |   "Footer": {
  100 |     "brandDescription": "Platform penjaga & monetisasi Telegram otomatis. Fokus pada membangun komunitas, biar kami ya...
  101 |     "rightsReserved": "Hak cipta dilindungi.",

trailing comma at line 98 column 3 @ http://localhost:3000/_next/static/chunks/node_modules_next_dist_0u_w_5s._.js:1945
[ 4154902ms] [ERROR] ./messages/en.json:98:3
Unable to make a module from invalid JSON
   96 |     "showLess": "Show fewer",
   97 |     "allFeatures": "All Features",
>  98 |   },
      |   ^
   99 |   "Footer": {
  100 |     "brandDescription": "Automated Telegram gatekeeper & monetization platform. Focus on building your community, let ...
  101 |     "rightsReserved": "All rights reserved.",

trailing comma at line 98 column 3 @ http://localhost:3000/_next/static/chunks/node_modules_next_dist_0u_w_5s._.js:1945
[ 4154903ms] [ERROR] ./messages/id.json:98:3
Unable to make a module from invalid JSON
   96 |     "showLess": "Tampilkan lebih sedikit",
   97 |     "allFeatures": "Semua Fitur",
>  98 |   },
      |   ^
   99 |   "Footer": {
  100 |     "brandDescription": "Platform penjaga & monetisasi Telegram otomatis. Fokus pada membangun komunitas, biar kami ya...
  101 |     "rightsReserved": "Hak cipta dilindungi.",

trailing comma at line 98 column 3 @ http://localhost:3000/_next/static/chunks/node_modules_next_dist_0u_w_5s._.js:1945
[ 4155016ms] [ERROR] ./messages/en.json:98:3
Unable to make a module from invalid JSON
   96 |     "showLess": "Show fewer",
   97 |     "allFeatures": "All Features",
>  98 |   },
      |   ^
   99 |   "Footer": {
  100 |     "brandDescription": "Automated Telegram gatekeeper & monetization platform. Focus on building your community, let ...
  101 |     "rightsReserved": "All rights reserved.",

trailing comma at line 98 column 3 @ http://localhost:3000/_next/static/chunks/node_modules_next_dist_0u_w_5s._.js:1945
[ 4155016ms] [ERROR] ./messages/id.json:98:3
Unable to make a module from invalid JSON
   96 |     "showLess": "Tampilkan lebih sedikit",
   97 |     "allFeatures": "Semua Fitur",
>  98 |   },
      |   ^
   99 |   "Footer": {
  100 |     "brandDescription": "Platform penjaga & monetisasi Telegram otomatis. Fokus pada membangun komunitas, biar kami ya...
  101 |     "rightsReserved": "Hak cipta dilindungi.",

trailing comma at line 98 column 3 @ http://localhost:3000/_next/static/chunks/node_modules_next_dist_0u_w_5s._.js:1945
[ 4155024ms] [LOG] [Fast Refresh] rebuilding @ http://localhost:3000/_next/static/chunks/node_modules_next_dist_0u_w_5s._.js:1226
[ 4155117ms] [ERROR] ./messages/en.json:98:3
Unable to make a module from invalid JSON
   96 |     "showLess": "Show fewer",
   97 |     "allFeatures": "All Features",
>  98 |   },
      |   ^
   99 |   "Footer": {
  100 |     "brandDescription": "Automated Telegram gatekeeper & monetization platform. Focus on building your community, let ...
  101 |     "rightsReserved": "All rights reserved.",

trailing comma at line 98 column 3 @ http://localhost:3000/_next/static/chunks/node_modules_next_dist_0u_w_5s._.js:1945
[ 4155117ms] [ERROR] ./messages/id.json:98:3
Unable to make a module from invalid JSON
   96 |     "showLess": "Tampilkan lebih sedikit",
   97 |     "allFeatures": "Semua Fitur",
>  98 |   },
      |   ^
   99 |   "Footer": {
  100 |     "brandDescription": "Platform penjaga & monetisasi Telegram otomatis. Fokus pada membangun komunitas, biar kami ya...
  101 |     "rightsReserved": "Hak cipta dilindungi.",

trailing comma at line 98 column 3 @ http://localhost:3000/_next/static/chunks/node_modules_next_dist_0u_w_5s._.js:1945
[ 4155125ms] [LOG] [Fast Refresh] rebuilding @ http://localhost:3000/_next/static/chunks/node_modules_next_dist_0u_w_5s._.js:1226
[ 4155351ms] [ERROR] ./messages/en.json:98:3
Unable to make a module from invalid JSON
   96 |     "showLess": "Show fewer",
   97 |     "allFeatures": "All Features",
>  98 |   },
      |   ^
   99 |   "Footer": {
  100 |     "brandDescription": "Automated Telegram gatekeeper & monetization platform. Focus on building your community, let ...
  101 |     "rightsReserved": "All rights reserved.",

trailing comma at line 98 column 3 @ http://localhost:3000/_next/static/chunks/node_modules_next_dist_0u_w_5s._.js:1945
[ 4155352ms] [ERROR] ./messages/id.json:98:3
Unable to make a module from invalid JSON
   96 |     "showLess": "Tampilkan lebih sedikit",
   97 |     "allFeatures": "Semua Fitur",
>  98 |   },
      |   ^
   99 |   "Footer": {
  100 |     "brandDescription": "Platform penjaga & monetisasi Telegram otomatis. Fokus pada membangun komunitas, biar kami ya...
  101 |     "rightsReserved": "Hak cipta dilindungi.",

trailing comma at line 98 column 3 @ http://localhost:3000/_next/static/chunks/node_modules_next_dist_0u_w_5s._.js:1945
[ 4155458ms] [LOG] [Fast Refresh] rebuilding @ http://localhost:3000/_next/static/chunks/node_modules_next_dist_0u_w_5s._.js:1226
[ 4155607ms] [ERROR] ./messages/en.json:98:3
Unable to make a module from invalid JSON
   96 |     "showLess": "Show fewer",
   97 |     "allFeatures": "All Features",
>  98 |   },
      |   ^
   99 |   "Footer": {
  100 |     "brandDescription": "Automated Telegram gatekeeper & monetization platform. Focus on building your community, let ...
  101 |     "rightsReserved": "All rights reserved.",

trailing comma at line 98 column 3 @ http://localhost:3000/_next/static/chunks/node_modules_next_dist_0u_w_5s._.js:1945
[ 4155607ms] [ERROR] ./messages/id.json:98:3
Unable to make a module from invalid JSON
   96 |     "showLess": "Tampilkan lebih sedikit",
   97 |     "allFeatures": "Semua Fitur",
>  98 |   },
      |   ^
   99 |   "Footer": {
  100 |     "brandDescription": "Platform penjaga & monetisasi Telegram otomatis. Fokus pada membangun komunitas, biar kami ya...
  101 |     "rightsReserved": "Hak cipta dilindungi.",

trailing comma at line 98 column 3 @ http://localhost:3000/_next/static/chunks/node_modules_next_dist_0u_w_5s._.js:1945
[ 4157321ms] [ERROR] ./messages/en.json:98:3
Unable to make a module from invalid JSON
   96 |     "showLess": "Show fewer",
   97 |     "allFeatures": "All Features",
>  98 |   },
      |   ^
   99 |   "Footer": {
  100 |     "brandDescription": "Automated Telegram gatekeeper & monetization platform. Focus on building your community, let ...
  101 |     "rightsReserved": "All rights reserved.",

trailing comma at line 98 column 3 @ http://localhost:3000/_next/static/chunks/node_modules_next_dist_0u_w_5s._.js:1945
[ 4157321ms] [ERROR] ./messages/id.json:98:3
Unable to make a module from invalid JSON
   96 |     "showLess": "Tampilkan lebih sedikit",
   97 |     "allFeatures": "Semua Fitur",
>  98 |   },
      |   ^
   99 |   "Footer": {
  100 |     "brandDescription": "Platform penjaga & monetisasi Telegram otomatis. Fokus pada membangun komunitas, biar kami ya...
  101 |     "rightsReserved": "Hak cipta dilindungi.",

trailing comma at line 98 column 3 @ http://localhost:3000/_next/static/chunks/node_modules_next_dist_0u_w_5s._.js:1945
[ 4157323ms] [LOG] [Fast Refresh] rebuilding @ http://localhost:3000/_next/static/chunks/node_modules_next_dist_0u_w_5s._.js:1226
[ 4157428ms] [LOG] [Fast Refresh] rebuilding @ http://localhost:3000/_next/static/chunks/node_modules_next_dist_0u_w_5s._.js:1226
[ 4157503ms] [ERROR] ./messages/en.json:98:3
Unable to make a module from invalid JSON
   96 |     "showLess": "Show fewer",
   97 |     "allFeatures": "All Features",
>  98 |   },
      |   ^
   99 |   "Footer": {
  100 |     "brandDescription": "Automated Telegram gatekeeper & monetization platform. Focus on building your community, let ...
  101 |     "rightsReserved": "All rights reserved.",

trailing comma at line 98 column 3 @ http://localhost:3000/_next/static/chunks/node_modules_next_dist_0u_w_5s._.js:1945
[ 4157503ms] [ERROR] ./messages/id.json:98:3
Unable to make a module from invalid JSON
   96 |     "showLess": "Tampilkan lebih sedikit",
   97 |     "allFeatures": "Semua Fitur",
>  98 |   },
      |   ^
   99 |   "Footer": {
  100 |     "brandDescription": "Platform penjaga & monetisasi Telegram otomatis. Fokus pada membangun komunitas, biar kami ya...
  101 |     "rightsReserved": "Hak cipta dilindungi.",

trailing comma at line 98 column 3 @ http://localhost:3000/_next/static/chunks/node_modules_next_dist_0u_w_5s._.js:1945
